// Jest Snapshot v1, https://goo.gl/fbAQLP

exports[`My app renders correctly 1`] = `null`;

exports[`Routes renders home 1`] = `
<div
  className="flex flex-col"
>
  <nav
    className="relative flex flex-wrap items-center justify-between px-2 py-3 mb-3 bg-gray-900"
  >
    <div
      className="container flex flex-wrap items-center justify-between px-4 mx-auto"
    >
      <div
        className="relative flex justify-between w-full lg:w-auto lg:static lg:block lg:justify-start"
      >
        <a
          className="inline-block py-2 mr-4 text-sm font-bold leading-relaxed text-white uppercase whitespace-nowrap"
          href="/"
          onClick={[Function]}
        >
          Game of Thrones
        </a>
        <button
          className="block px-3 py-1 text-xl leading-none text-white bg-transparent border border-transparent border-solid rounded outline-none cursor-pointer lg:hidden focus:outline-none"
          onClick={[Function]}
          type="button"
        >
          <svg
            aria-hidden="true"
            className="w-6 h-6"
            fill="currentColor"
            viewBox="0 0 24 24"
            xmlns="http://www.w3.org/2000/svg"
          >
            <path
              clipRule="evenodd"
              d="M3 6.75A.75.75 0 013.75 6h16.5a.75.75 0 010 1.5H3.75A.75.75 0 013 6.75zM3 12a.75.75 0 01.75-.75h16.5a.75.75 0 010 1.5H3.75A.75.75 0 013 12zm0 5.25a.75.75 0 01.75-.75h16.5a.75.75 0 010 1.5H3.75a.75.75 0 01-.75-.75z"
              fillRule="evenodd"
            />
          </svg>
        </button>
      </div>
      <div
        className="lg:flex flex-grow items-center hidden"
        id="example-navbar-danger"
      >
        <ul
          className="flex flex-col list-none lg:flex-row lg:ml-auto"
        >
          <li
            className="nav-item"
          >
            <a
              className="flex items-center px-3 py-2 text-xs font-bold leading-snug text-white uppercase hover:opacity-75"
              href="#pablo"
            >
              <svg
                aria-hidden="true"
                className="w-6 h-6"
                fill="currentColor"
                viewBox="0 0 24 24"
                xmlns="http://www.w3.org/2000/svg"
              >
                <path
                  d="M19.006 3.705a.75.75 0 00-.512-1.41L6 6.838V3a.75.75 0 00-.75-.75h-1.5A.75.75 0 003 3v4.93l-1.006.365a.75.75 0 00.512 1.41l16.5-6z"
                />
                <path
                  clipRule="evenodd"
                  d="M3.019 11.115L18 5.667V9.09l4.006 1.456a.75.75 0 11-.512 1.41l-.494-.18v8.475h.75a.75.75 0 010 1.5H2.25a.75.75 0 010-1.5H3v-9.129l.019-.006zM18 20.25v-9.565l1.5.545v9.02H18zm-9-6a.75.75 0 00-.75.75v4.5c0 .414.336.75.75.75h3a.75.75 0 00.75-.75V15a.75.75 0 00-.75-.75H9z"
                  fillRule="evenodd"
                />
              </svg>
              <span
                className="ml-2"
              >
                Houses
              </span>
            </a>
          </li>
          <li
            className="nav-item"
          >
            <a
              className="flex items-center px-3 py-2 text-xs font-bold leading-snug text-white uppercase hover:opacity-75"
              href="#pablo"
            >
              <svg
                aria-hidden="true"
                className="w-6 h-6"
                fill="currentColor"
                viewBox="0 0 24 24"
                xmlns="http://www.w3.org/2000/svg"
              >
                <path
                  d="M4.5 6.375a4.125 4.125 0 118.25 0 4.125 4.125 0 01-8.25 0zM14.25 8.625a3.375 3.375 0 116.75 0 3.375 3.375 0 01-6.75 0zM1.5 19.125a7.125 7.125 0 0114.25 0v.003l-.001.119a.75.75 0 01-.363.63 13.067 13.067 0 01-6.761 1.873c-2.472 0-4.786-.684-6.76-1.873a.75.75 0 01-.364-.63l-.001-.122zM17.25 19.128l-.001.144a2.25 2.25 0 01-.233.96 10.088 10.088 0 005.06-1.01.75.75 0 00.42-.643 4.875 4.875 0 00-6.957-4.611 8.586 8.586 0 011.71 5.157v.003z"
                />
              </svg>
              <span
                className="ml-2"
              >
                Characters
              </span>
            </a>
          </li>
          <li
            className="nav-item"
          >
            <a
              className="flex items-center px-3 py-2 text-xs font-bold leading-snug text-white uppercase hover:opacity-75"
              href="#pablo"
            >
              <svg
                aria-hidden="true"
                className="w-6 h-6"
                fill="currentColor"
                viewBox="0 0 24 24"
                xmlns="http://www.w3.org/2000/svg"
              >
                <path
                  d="M11.25 4.533A9.707 9.707 0 006 3a9.735 9.735 0 00-3.25.555.75.75 0 00-.5.707v14.25a.75.75 0 001 .707A8.237 8.237 0 016 18.75c1.995 0 3.823.707 5.25 1.886V4.533zM12.75 20.636A8.214 8.214 0 0118 18.75c.966 0 1.89.166 2.75.47a.75.75 0 001-.708V4.262a.75.75 0 00-.5-.707A9.735 9.735 0 0018 3a9.707 9.707 0 00-5.25 1.533v16.103z"
                />
              </svg>
              <span
                className="ml-2"
              >
                Books
              </span>
            </a>
          </li>
        </ul>
      </div>
    </div>
  </nav>
  <div
    className="grid gap-4 px-4 py-3 md:grid-cols-4"
  >
    <div
      className="w-full max-w-sm p-4 mx-auto border border-blue-300 rounded-md shadow"
    >
      <div
        className="flex space-x-4 animate-pulse"
      >
        <div
          className="w-10 h-10 rounded-full bg-slate-700"
        />
        <div
          className="flex-1 py-1 space-y-6"
        >
          <div
            className="h-2 rounded bg-slate-700"
          />
          <div
            className="space-y-3"
          >
            <div
              className="grid grid-cols-3 gap-4"
            >
              <div
                className="h-2 col-span-2 rounded bg-slate-700"
              />
              <div
                className="h-2 col-span-1 rounded bg-slate-700"
              />
            </div>
            <div
              className="h-2 rounded bg-slate-700"
            />
          </div>
        </div>
      </div>
    </div>
    <div
      className="w-full max-w-sm p-4 mx-auto border border-blue-300 rounded-md shadow"
    >
      <div
        className="flex space-x-4 animate-pulse"
      >
        <div
          className="w-10 h-10 rounded-full bg-slate-700"
        />
        <div
          className="flex-1 py-1 space-y-6"
        >
          <div
            className="h-2 rounded bg-slate-700"
          />
          <div
            className="space-y-3"
          >
            <div
              className="grid grid-cols-3 gap-4"
            >
              <div
                className="h-2 col-span-2 rounded bg-slate-700"
              />
              <div
                className="h-2 col-span-1 rounded bg-slate-700"
              />
            </div>
            <div
              className="h-2 rounded bg-slate-700"
            />
          </div>
        </div>
      </div>
    </div>
    <div
      className="w-full max-w-sm p-4 mx-auto border border-blue-300 rounded-md shadow"
    >
      <div
        className="flex space-x-4 animate-pulse"
      >
        <div
          className="w-10 h-10 rounded-full bg-slate-700"
        />
        <div
          className="flex-1 py-1 space-y-6"
        >
          <div
            className="h-2 rounded bg-slate-700"
          />
          <div
            className="space-y-3"
          >
            <div
              className="grid grid-cols-3 gap-4"
            >
              <div
                className="h-2 col-span-2 rounded bg-slate-700"
              />
              <div
                className="h-2 col-span-1 rounded bg-slate-700"
              />
            </div>
            <div
              className="h-2 rounded bg-slate-700"
            />
          </div>
        </div>
      </div>
    </div>
    <div
      className="w-full max-w-sm p-4 mx-auto border border-blue-300 rounded-md shadow"
    >
      <div
        className="flex space-x-4 animate-pulse"
      >
        <div
          className="w-10 h-10 rounded-full bg-slate-700"
        />
        <div
          className="flex-1 py-1 space-y-6"
        >
          <div
            className="h-2 rounded bg-slate-700"
          />
          <div
            className="space-y-3"
          >
            <div
              className="grid grid-cols-3 gap-4"
            >
              <div
                className="h-2 col-span-2 rounded bg-slate-700"
              />
              <div
                className="h-2 col-span-1 rounded bg-slate-700"
              />
            </div>
            <div
              className="h-2 rounded bg-slate-700"
            />
          </div>
        </div>
      </div>
    </div>
    <div
      className="w-full max-w-sm p-4 mx-auto border border-blue-300 rounded-md shadow"
    >
      <div
        className="flex space-x-4 animate-pulse"
      >
        <div
          className="w-10 h-10 rounded-full bg-slate-700"
        />
        <div
          className="flex-1 py-1 space-y-6"
        >
          <div
            className="h-2 rounded bg-slate-700"
          />
          <div
            className="space-y-3"
          >
            <div
              className="grid grid-cols-3 gap-4"
            >
              <div
                className="h-2 col-span-2 rounded bg-slate-700"
              />
              <div
                className="h-2 col-span-1 rounded bg-slate-700"
              />
            </div>
            <div
              className="h-2 rounded bg-slate-700"
            />
          </div>
        </div>
      </div>
    </div>
    <div
      className="w-full max-w-sm p-4 mx-auto border border-blue-300 rounded-md shadow"
    >
      <div
        className="flex space-x-4 animate-pulse"
      >
        <div
          className="w-10 h-10 rounded-full bg-slate-700"
        />
        <div
          className="flex-1 py-1 space-y-6"
        >
          <div
            className="h-2 rounded bg-slate-700"
          />
          <div
            className="space-y-3"
          >
            <div
              className="grid grid-cols-3 gap-4"
            >
              <div
                className="h-2 col-span-2 rounded bg-slate-700"
              />
              <div
                className="h-2 col-span-1 rounded bg-slate-700"
              />
            </div>
            <div
              className="h-2 rounded bg-slate-700"
            />
          </div>
        </div>
      </div>
    </div>
    <div
      className="w-full max-w-sm p-4 mx-auto border border-blue-300 rounded-md shadow"
    >
      <div
        className="flex space-x-4 animate-pulse"
      >
        <div
          className="w-10 h-10 rounded-full bg-slate-700"
        />
        <div
          className="flex-1 py-1 space-y-6"
        >
          <div
            className="h-2 rounded bg-slate-700"
          />
          <div
            className="space-y-3"
          >
            <div
              className="grid grid-cols-3 gap-4"
            >
              <div
                className="h-2 col-span-2 rounded bg-slate-700"
              />
              <div
                className="h-2 col-span-1 rounded bg-slate-700"
              />
            </div>
            <div
              className="h-2 rounded bg-slate-700"
            />
          </div>
        </div>
      </div>
    </div>
    <div
      className="w-full max-w-sm p-4 mx-auto border border-blue-300 rounded-md shadow"
    >
      <div
        className="flex space-x-4 animate-pulse"
      >
        <div
          className="w-10 h-10 rounded-full bg-slate-700"
        />
        <div
          className="flex-1 py-1 space-y-6"
        >
          <div
            className="h-2 rounded bg-slate-700"
          />
          <div
            className="space-y-3"
          >
            <div
              className="grid grid-cols-3 gap-4"
            >
              <div
                className="h-2 col-span-2 rounded bg-slate-700"
              />
              <div
                className="h-2 col-span-1 rounded bg-slate-700"
              />
            </div>
            <div
              className="h-2 rounded bg-slate-700"
            />
          </div>
        </div>
      </div>
    </div>
  </div>
  <div
    className="flex flex-col items-center px-4 py-3 space-x-0 md:flex-row md:space-x-4"
  >
    <div
      className="flex flex-row items-center justify-center space-x-3"
    >
      <p
        className="text-xs"
      >
        Items per page
      </p>
      <div
        className="flex flex-row"
      >
        <div
          className="relative mt-1"
        >
          <button
            aria-expanded={false}
            aria-haspopup={true}
            className="relative w-full py-2 pl-3 pr-10 text-left bg-white rounded-lg shadow-md cursor-default focus:outline-none focus-visible:border-indigo-500 focus-visible:ring-2 focus-visible:ring-white focus-visible:ring-opacity-75 focus-visible:ring-offset-2 focus-visible:ring-offset-orange-300 sm:text-sm"
            data-headlessui-state=""
            disabled={false}
            id="headlessui-listbox-button-:r0:"
            onClick={[Function]}
            onKeyDown={[Function]}
            onKeyUp={[Function]}
            type="button"
          >
            <span
              className="block truncate"
            >
              10
            </span>
            <span
              className="absolute inset-y-0 right-0 flex items-center pr-2 pointer-events-none"
            >
              <svg
                aria-hidden="true"
                className="w-5 h-5 text-gray-400"
                fill="currentColor"
                viewBox="0 0 20 20"
                xmlns="http://www.w3.org/2000/svg"
              >
                <path
                  clipRule="evenodd"
                  d="M10 3a.75.75 0 01.55.24l3.25 3.5a.75.75 0 11-1.1 1.02L10 4.852 7.3 7.76a.75.75 0 01-1.1-1.02l3.25-3.5A.75.75 0 0110 3zm-3.76 9.2a.75.75 0 011.06.04l2.7 2.908 2.7-2.908a.75.75 0 111.1 1.02l-3.25 3.5a.75.75 0 01-1.1 0l-3.25-3.5a.75.75 0 01.04-1.06z"
                  fillRule="evenodd"
                />
              </svg>
            </span>
          </button>
        </div>
      </div>
    </div>
    <div
      className="flex items-center justify-between w-full h-10 text-sm select-none md:justify-center"
    >
      <button
        className="flex items-center mr-2 text-gray-500 opacity-50 hover:text-gray-600 focus:outline-none"
        disabled={true}
        onClick={[Function]}
      >
        <svg
          aria-hidden="true"
          className="w-4 h-4 mr-2"
          fill="currentColor"
          viewBox="0 0 24 24"
          xmlns="http://www.w3.org/2000/svg"
        >
          <path
            clipRule="evenodd"
            d="M11.03 3.97a.75.75 0 010 1.06l-6.22 6.22H21a.75.75 0 010 1.5H4.81l6.22 6.22a.75.75 0 11-1.06 1.06l-7.5-7.5a.75.75 0 010-1.06l7.5-7.5a.75.75 0 011.06 0z"
            fillRule="evenodd"
          />
        </svg>
        Previous
      </button>
      <div
        className="items-center justify-center hidden mx-5 md:flex"
      >
        <span
          className="flex items-center justify-center w-10 h-10 rounded-full cursor-pointer bg-blue-50 text-blue-600"
          onClick={[Function]}
        >
          1
        </span>
        <span
          className="flex items-center justify-center w-10 h-10 rounded-full cursor-pointer text-gray-500"
          onClick={[Function]}
        >
          2
        </span>
        <span
          className="flex items-center justify-center w-10 h-10 rounded-full cursor-pointer text-gray-500"
          onClick={[Function]}
        >
          3
        </span>
        <span
          className="w-10 px-0.5 text-center"
        >
          ...
        </span>
        <span
          className="flex items-center justify-center w-10 h-10 rounded-full cursor-pointer text-gray-500"
          onClick={[Function]}
        >
          9
        </span>
        <span
          className="flex items-center justify-center w-10 h-10 rounded-full cursor-pointer text-gray-500"
          onClick={[Function]}
        >
          10
        </span>
      </div>
      <button
        className="flex items-center mr-2 text-gray-500 cursor-pointer hover:text-gray-600 focus:outline-none"
        disabled={false}
        onClick={[Function]}
      >
        Next
        <svg
          aria-hidden="true"
          className="w-4 h-4 ml-2"
          fill="currentColor"
          viewBox="0 0 24 24"
          xmlns="http://www.w3.org/2000/svg"
        >
          <path
            clipRule="evenodd"
            d="M12.97 3.97a.75.75 0 011.06 0l7.5 7.5a.75.75 0 010 1.06l-7.5 7.5a.75.75 0 11-1.06-1.06l6.22-6.22H3a.75.75 0 010-1.5h16.19l-6.22-6.22a.75.75 0 010-1.06z"
            fillRule="evenodd"
          />
        </svg>
      </button>
    </div>
  </div>
</div>
`;

exports[`Routes renders house details 1`] = `null`;
